[backblue.gif]
[fade.gif]
[index.html]
[www.varbin.com/assets/images/logof.png]
[www.varbin.com/assets/images/logo192.png]
[www.varbin.com/assets/theme/images/logo.png]
[www.varbin.com/assets/theme/images/white-logo.png]
[www.varbin.com/assets/theme/images/service/mob-service-item3.png]
[www.varbin.com/assets/theme/images/service/app-develop.png]
[www.varbin.com/assets/theme/images/service/service-img-2.png]
[www.varbin.com/assets/theme/images/service/car-rental.png]
[www.varbin.com/assets/theme/images/service/marketing.png]
[www.varbin.com/assets/theme/images/service/seo.png]
[www.varbin.com/assets/theme/images/icons/icon-1.png]
[www.varbin.com/assets/theme/images/icons/icon-2.png]
[www.varbin.com/assets/theme/images/icons/icon-3.png]
[www.varbin.com/assets/theme/images/icons/icon-4.png]
[www.varbin.com/assets/theme/images/icons/grf-icon.png]
[www.varbin.com/assets/theme/images/icons/icon-5.png]
[www.varbin.com/assets/theme/images/icons/icon-6.png]
[www.varbin.com/assets/theme/images/icons/icon-7.png]
[www.varbin.com/assets/theme/images/icons/icon-12.png]
[www.varbin.com/assets/theme/images/about/about-service.png]
[www.varbin.com/assets/theme/images/user-thumb/ur1.jpg]
[www.varbin.com/assets/theme/images/user-thumb/ur2.png]
[www.varbin.com/assets/theme/images/about/hellopic.png]
[www.varbin.com/assets/theme/images/location/rome.png]
[www.varbin.com/assets/theme/images/location/hongkong.png]
[www.varbin.com/assets/theme/js/vendor/modernizr-3.5.0.min.js]
[ajax.googleapis.com/ajax/libs/jquery/3.5.1/jquery.min.js]
[www.varbin.com/assets/theme/js/bootstrap.min.js]
[www.varbin.com/assets/theme/js/popper.min.js]
[www.varbin.com/assets/theme/js/plugin.min.js]
[www.varbin.com/assets/theme/js/preloader.js]
[www.varbin.com/assets/theme/js/main.js]
[www.varbin.com/assets/theme/js/custom.js]
[www.varbin.com/index.html]
[www.varbin.com/manifest.html]
[www.varbin.com/assets/theme/css/bootstrap.min.css]
[www.varbin.com/assets/theme/css/plugin.min.css]
[www.varbin.com/assets/theme/font-awesome/5.11.2/css/all.min.css]
[www.varbin.com/assets/theme/images/hero/banner-shap-2.png]
[www.varbin.com/assets/theme/images/shape/dot_bg.png]
[www.varbin.com/assets/theme/images/shape/dot-shape.png]
[www.varbin.com/assets/theme/images/service/service-img-1.png]
[www.varbin.com/assets/theme/images/service/service-img-3.png]
[www.varbin.com/assets/theme/images/service/service-img-4.png]
[www.varbin.com/assets/theme/images/shape/dot-pattern.png]
[www.varbin.com/assets/theme/images/shape/shape-1.png]
[www.varbin.com/assets/theme/images/shape/shape-2.png]
[www.varbin.com/assets/theme/images/banner/banner-shap-2.png]
[www.varbin.com/assets/theme/images/banner/2.jpg]
[www.varbin.com/assets/theme/images/banner/5.jpg]
[www.varbin.com/assets/theme/images/banner/6.jpg]
[www.varbin.com/assets/theme/images/banner/7.jpg]
[www.varbin.com/assets/theme/images/banner/4.jpg]
[www.varbin.com/assets/theme/images/hero/freelancer.png]
[www.varbin.com/assets/theme/images/hero/bg-gradient.jpg]
[www.varbin.com/assets/theme/images/shape/bg-light2.png]
[www.varbin.com/assets/theme/images/shape/wave-bg.png]
[www.varbin.com/assets/theme/images/shape/bg-rectangles-.png]
[www.varbin.com/assets/theme/css/style.css]
[www.varbin.com/assets/theme/css/custom.css]
[www.varbin.com/assets/theme/css/responsive.css]
[rajeshdoot.com/wp-includes/js/jquery/jquery4a5f.js]
[rajeshdoot.com/wp-includes/js/wp-embed.min5697.js]
[www.varbin.com/assets/theme/css/owl.video.play.html]
[www.varbin.com/assets/theme/images/shape/shape-12.svg]
[www.varbin.com/assets/theme/images/shape/shape-1.svg]
[www.varbin.com/assets/theme/images/shape/shape-2.svg]
[www.varbin.com/assets/theme/images/shape/shape-7.svg]
[www.varbin.com/assets/theme/images/shape/shape-9.svg]
[www.varbin.com/assets/theme/images/icons/up-arrow.svg]
[www.varbin.com/assets/theme/images/icons/404.svg]
[www.varbin.com/assets/theme/images/shape/hero-shape.svg]
[www.varbin.com/assets/theme/images/hero/wave-hero.svg]
[rajeshdoot.com/wp-includes/css/dist/block-library/style.min5697.css]
[rajeshdoot.com/wp-content/plugins/elementor/assets/lib/font-awesome/css/font-awesome.min1849.css]
[www.varbin.com/assets/theme/images/shape/error-page.png]
[www.varbin.com/Users/Bhavi/Downloads/brandbrainy___CAqYzusgPPx___.html]
[rajeshdoot.com/wp-content/plugins/contact-form-7/includes/css/stylesbb49.html]
[rajeshdoot.com/wp-content/plugins/ht-mega-for-elementor/assets/css/htbbootstrap6dbf.css]
[rajeshdoot.com/wp-content/plugins/ht-mega-for-elementor/assets/css/htmega-widgets6dbf.html]
[rajeshdoot.com/wp-content/plugins/ht-mega-for-elementor/assets/css/animation6dbf.html]
[rajeshdoot.com/wp-content/plugins/ht-mega-for-elementor/assets/css/htmega-keyframes6dbf.html]
[rajeshdoot.com/wp-content/themes/hello-elementor/style.min3601.html]
[rajeshdoot.com/wp-content/themes/hello-elementor/theme.min3601.html]
[rajeshdoot.com/wp-content/uploads/2020/08/cropped-rajeshdoot-32x32.html]
[rajeshdoot.com/wp-content/uploads/2020/08/cropped-rajeshdoot-192x192.html]
[rajeshdoot.com/wp-content/uploads/2020/08/cropped-rajeshdoot-180x180.html]
[rajeshdoot.com/wp-content/uploads/2020/10/rajeshdoot-logo.html]
[rajeshdoot.com/wp-content/plugins/contact-form-7/includes/js/scriptsbb49.html]
[rajeshdoot.com/wp-content/plugins/ht-mega-for-elementor/assets/js/popper.min6dbf.js]
[rajeshdoot.com/wp-content/plugins/ht-mega-for-elementor/assets/js/htbbootstrap6dbf.html]
[rajeshdoot.com/wp-content/plugins/ht-mega-for-elementor/assets/js/waypoints6dbf.html]
